INFO:     Started server process [60328]
INFO:     Waiting for application startup.
INFO:     Application startup complete.
INFO:     Uvicorn running on http://127.0.0.1:8002 (Press CTRL+C to quit)
2026-01-22 21:25:42,881 INFO sqlalchemy.engine.Engine BEGIN (implicit)
2026-01-22 21:25:42,886 INFO sqlalchemy.engine.Engine SELECT reminders.id 
FROM reminders 
WHERE reminders.status = ? AND reminders.scheduled_at <= ?
2026-01-22 21:25:42,887 INFO sqlalchemy.engine.Engine [generated in 0.00044s] ('SCHEDULED', '2026-01-22 17:25:42.869363')
2026-01-22 21:25:42,888 INFO sqlalchemy.engine.Engine ROLLBACK
2026-01-22 21:26:12,873 INFO sqlalchemy.engine.Engine BEGIN (implicit)
2026-01-22 21:26:12,874 INFO sqlalchemy.engine.Engine SELECT reminders.id 
FROM reminders 
WHERE reminders.status = ? AND reminders.scheduled_at <= ?
2026-01-22 21:26:12,874 INFO sqlalchemy.engine.Engine [cached since 29.99s ago] ('SCHEDULED', '2026-01-22 17:26:12.869124')
2026-01-22 21:26:12,876 INFO sqlalchemy.engine.Engine ROLLBACK
2026-01-22 21:26:41,275 INFO sqlalchemy.engine.Engine BEGIN (implicit)
2026-01-22 21:26:41,276 INFO sqlalchemy.engine.Engine SELECT reminders.id, reminders.title, reminders.message, reminders.phone_number, reminders.scheduled_at, reminders.timezone, reminders.status, reminders.user_id, reminders.created_at 
FROM reminders 
WHERE reminders.phone_number = ? AND reminders.scheduled_at = ? AND reminders.message = ?
2026-01-22 21:26:41,276 INFO sqlalchemy.engine.Engine [generated in 0.00011s] ('+1234567890', '2026-01-22 17:26:47.224886', 'Test reminder 0')
2026-01-22 21:26:41,276 INFO sqlalchemy.engine.Engine BEGIN (implicit)
2026-01-22 21:26:41,277 INFO sqlalchemy.engine.Engine SELECT reminders.id, reminders.title, reminders.message, reminders.phone_number, reminders.scheduled_at, reminders.timezone, reminders.status, reminders.user_id, reminders.created_at 
FROM reminders ORDER BY reminders.scheduled_at ASC
 LIMIT ? OFFSET ?
2026-01-22 21:26:41,277 INFO sqlalchemy.engine.Engine [generated in 0.00007s] (100, 0)
2026-01-22 21:26:41,277 INFO sqlalchemy.engine.Engine BEGIN (implicit)
2026-01-22 21:26:41,277 INFO sqlalchemy.engine.Engine SELECT reminders.id, reminders.title, reminders.message, reminders.phone_number, reminders.scheduled_at, reminders.timezone, reminders.status, reminders.user_id, reminders.created_at 
FROM reminders 
WHERE reminders.phone_number = ? AND reminders.scheduled_at = ? AND reminders.message = ?
2026-01-22 21:26:41,277 INFO sqlalchemy.engine.Engine [cached since 0.000888s ago] ('+1234567890', '2026-01-22 17:27:28.245035', 'Test reminder 6')
2026-01-22 21:26:41,277 INFO sqlalchemy.engine.Engine BEGIN (implicit)
2026-01-22 21:26:41,277 INFO sqlalchemy.engine.Engine SELECT reminders.id, reminders.title, reminders.message, reminders.phone_number, reminders.scheduled_at, reminders.timezone, reminders.status, reminders.user_id, reminders.created_at 
FROM reminders 
WHERE reminders.phone_number = ? AND reminders.scheduled_at = ? AND reminders.message = ?
2026-01-22 21:26:41,277 INFO sqlalchemy.engine.Engine [cached since 0.001077s ago] ('+1234567890', '2026-01-22 17:27:39.245998', 'Test reminder 8')
2026-01-22 21:26:41,277 INFO sqlalchemy.engine.Engine BEGIN (implicit)
2026-01-22 21:26:41,277 INFO sqlalchemy.engine.Engine SELECT reminders.id, reminders.title, reminders.message, reminders.phone_number, reminders.scheduled_at, reminders.timezone, reminders.status, reminders.user_id, reminders.created_at 
FROM reminders ORDER BY reminders.scheduled_at ASC
 LIMIT ? OFFSET ?
2026-01-22 21:26:41,277 INFO sqlalchemy.engine.Engine [cached since 0.0006385s ago] (100, 0)
2026-01-22 21:26:41,277 INFO sqlalchemy.engine.Engine BEGIN (implicit)
2026-01-22 21:26:41,277 INFO sqlalchemy.engine.Engine SELECT reminders.id, reminders.title, reminders.message, reminders.phone_number, reminders.scheduled_at, reminders.timezone, reminders.status, reminders.user_id, reminders.created_at 
FROM reminders 
WHERE reminders.phone_number = ? AND reminders.scheduled_at = ? AND reminders.message = ?
2026-01-22 21:26:41,277 INFO sqlalchemy.engine.Engine [cached since 0.001384s ago] ('+1234567890', '2026-01-22 17:27:07.246932', 'Test reminder 10')
2026-01-22 21:26:41,278 INFO sqlalchemy.engine.Engine BEGIN (implicit)
2026-01-22 21:26:41,278 INFO sqlalchemy.engine.Engine SELECT reminders.id, reminders.title, reminders.message, reminders.phone_number, reminders.scheduled_at, reminders.timezone, reminders.status, reminders.user_id, reminders.created_at 
FROM reminders 
WHERE reminders.phone_number = ? AND reminders.scheduled_at = ? AND reminders.message = ?
2026-01-22 21:26:41,278 INFO sqlalchemy.engine.Engine [cached since 0.001541s ago] ('+1234567890', '2026-01-22 17:27:41.247797', 'Test reminder 12')
2026-01-22 21:26:41,278 INFO sqlalchemy.engine.Engine BEGIN (implicit)
2026-01-22 21:26:41,278 INFO sqlalchemy.engine.Engine SELECT reminders.id, reminders.title, reminders.message, reminders.phone_number, reminders.scheduled_at, reminders.timezone, reminders.status, reminders.user_id, reminders.created_at 
FROM reminders 
WHERE reminders.phone_number = ? AND reminders.scheduled_at = ? AND reminders.message = ?
2026-01-22 21:26:41,278 INFO sqlalchemy.engine.Engine [cached since 0.001742s ago] ('+1234567890', '2026-01-22 17:27:00.242878', 'Test reminder 2')
2026-01-22 21:26:41,278 INFO sqlalchemy.engine.Engine BEGIN (implicit)
2026-01-22 21:26:41,278 INFO sqlalchemy.engine.Engine SELECT reminders.id, reminders.title, reminders.message, reminders.phone_number, reminders.scheduled_at, reminders.timezone, reminders.status, reminders.user_id, reminders.created_at 
FROM reminders 
WHERE reminders.phone_number = ? AND reminders.scheduled_at = ? AND reminders.message = ?
2026-01-22 21:26:41,278 INFO sqlalchemy.engine.Engine [cached since 0.001928s ago] ('+1234567890', '2026-01-22 17:27:18.248676', 'Test reminder 14')
2026-01-22 21:26:41,278 INFO sqlalchemy.engine.Engine BEGIN (implicit)
2026-01-22 21:26:41,278 INFO sqlalchemy.engine.Engine SELECT reminders.id, reminders.title, reminders.message, reminders.phone_number, reminders.scheduled_at, reminders.timezone, reminders.status, reminders.user_id, reminders.created_at 
FROM reminders 
WHERE reminders.phone_number = ? AND reminders.scheduled_at = ? AND reminders.message = ?
2026-01-22 21:26:41,278 INFO sqlalchemy.engine.Engine [cached since 0.0021s ago] ('+1234567890', '2026-01-22 17:27:24.244002', 'Test reminder 4')
2026-01-22 21:26:41,278 INFO sqlalchemy.engine.Engine BEGIN (implicit)
2026-01-22 21:26:41,278 INFO sqlalchemy.engine.Engine SELECT reminders.id, reminders.title, reminders.message, reminders.phone_number, reminders.scheduled_at, reminders.timezone, reminders.status, reminders.user_id, reminders.created_at 
FROM reminders ORDER BY reminders.scheduled_at ASC
 LIMIT ? OFFSET ?
2026-01-22 21:26:41,278 INFO sqlalchemy.engine.Engine [cached since 0.00165s ago] (100, 0)
2026-01-22 21:26:41,278 INFO sqlalchemy.engine.Engine BEGIN (implicit)
2026-01-22 21:26:41,278 INFO sqlalchemy.engine.Engine SELECT reminders.id, reminders.title, reminders.message, reminders.phone_number, reminders.scheduled_at, reminders.timezone, reminders.status, reminders.user_id, reminders.created_at 
FROM reminders ORDER BY reminders.scheduled_at ASC
 LIMIT ? OFFSET ?
2026-01-22 21:26:41,278 INFO sqlalchemy.engine.Engine [cached since 0.001786s ago] (100, 0)
2026-01-22 21:26:41,279 INFO sqlalchemy.engine.Engine BEGIN (implicit)
2026-01-22 21:26:41,279 INFO sqlalchemy.engine.Engine SELECT reminders.id, reminders.title, reminders.message, reminders.phone_number, reminders.scheduled_at, reminders.timezone, reminders.status, reminders.user_id, reminders.created_at 
FROM reminders ORDER BY reminders.scheduled_at ASC
 LIMIT ? OFFSET ?
2026-01-22 21:26:41,279 INFO sqlalchemy.engine.Engine [cached since 0.002351s ago] (100, 0)
2026-01-22 21:26:41,279 INFO sqlalchemy.engine.Engine BEGIN (implicit)
2026-01-22 21:26:41,279 INFO sqlalchemy.engine.Engine SELECT reminders.id, reminders.title, reminders.message, reminders.phone_number, reminders.scheduled_at, reminders.timezone, reminders.status, reminders.user_id, reminders.created_at 
FROM reminders ORDER BY reminders.scheduled_at ASC
 LIMIT ? OFFSET ?
2026-01-22 21:26:41,279 INFO sqlalchemy.engine.Engine [cached since 0.002514s ago] (100, 0)
2026-01-22 21:26:41,279 INFO sqlalchemy.engine.Engine BEGIN (implicit)
2026-01-22 21:26:41,280 INFO sqlalchemy.engine.Engine SELECT reminders.id, reminders.title, reminders.message, reminders.phone_number, reminders.scheduled_at, reminders.timezone, reminders.status, reminders.user_id, reminders.created_at 
FROM reminders 
WHERE reminders.phone_number = ? AND reminders.scheduled_at = ? AND reminders.message = ?
2026-01-22 21:26:41,280 INFO sqlalchemy.engine.Engine [cached since 0.003692s ago] ('+1234567890', '2026-01-22 17:26:56.250468', 'Test reminder 18')
2026-01-22 21:26:41,280 INFO sqlalchemy.engine.Engine BEGIN (implicit)
2026-01-22 21:26:41,280 INFO sqlalchemy.engine.Engine SELECT reminders.id, reminders.title, reminders.message, reminders.phone_number, reminders.scheduled_at, reminders.timezone, reminders.status, reminders.user_id, reminders.created_at 
FROM reminders ORDER BY reminders.scheduled_at ASC
 LIMIT ? OFFSET ?
2026-01-22 21:26:41,280 INFO sqlalchemy.engine.Engine [cached since 0.003603s ago] (100, 0)
2026-01-22 21:26:41,280 INFO sqlalchemy.engine.Engine BEGIN (implicit)
2026-01-22 21:26:41,281 INFO sqlalchemy.engine.Engine SELECT reminders.id, reminders.title, reminders.message, reminders.phone_number, reminders.scheduled_at, reminders.timezone, reminders.status, reminders.user_id, reminders.created_at 
FROM reminders ORDER BY reminders.scheduled_at ASC
 LIMIT ? OFFSET ?
2026-01-22 21:26:41,281 INFO sqlalchemy.engine.Engine [cached since 0.003867s ago] (100, 0)
2026-01-22 21:26:41,281 INFO sqlalchemy.engine.Engine BEGIN (implicit)
2026-01-22 21:26:41,281 INFO sqlalchemy.engine.Engine SELECT reminders.id, reminders.title, reminders.message, reminders.phone_number, reminders.scheduled_at, reminders.timezone, reminders.status, reminders.user_id, reminders.created_at 
FROM reminders ORDER BY reminders.scheduled_at ASC
 LIMIT ? OFFSET ?
2026-01-22 21:26:41,281 INFO sqlalchemy.engine.Engine [cached since 0.004195s ago] (100, 0)
2026-01-22 21:26:41,281 INFO sqlalchemy.engine.Engine BEGIN (implicit)
2026-01-22 21:26:41,281 INFO sqlalchemy.engine.Engine SELECT reminders.id, reminders.title, reminders.message, reminders.phone_number, reminders.scheduled_at, reminders.timezone, reminders.status, reminders.user_id, reminders.created_at 
FROM reminders ORDER BY reminders.scheduled_at ASC
 LIMIT ? OFFSET ?
2026-01-22 21:26:41,281 INFO sqlalchemy.engine.Engine [cached since 0.004486s ago] (100, 0)
2026-01-22 21:26:41,281 INFO sqlalchemy.engine.Engine BEGIN (implicit)
2026-01-22 21:26:41,282 INFO sqlalchemy.engine.Engine SELECT reminders.id, reminders.title, reminders.message, reminders.phone_number, reminders.scheduled_at, reminders.timezone, reminders.status, reminders.user_id, reminders.created_at 
FROM reminders 
WHERE reminders.phone_number = ? AND reminders.scheduled_at = ? AND reminders.message = ?
2026-01-22 21:26:41,282 INFO sqlalchemy.engine.Engine [cached since 0.005479s ago] ('+1234567890', '2026-01-22 17:26:50.249537', 'Test reminder 16')
2026-01-22 21:26:41,283 INFO sqlalchemy.engine.Engine INSERT INTO reminders (id, title, message, phone_number, scheduled_at, timezone, status, user_id, created_at) VALUES (?, ?, ?, ?, ?, ?, ?, ?, ?)
2026-01-22 21:26:41,283 INFO sqlalchemy.engine.Engine [generated in 0.00018s] ('35636ebd-22f0-4019-87cc-2aa94a329ddf', None, 'Test reminder 2', '+1234567890', '2026-01-22 17:27:00.242878', 'UTC', 'SCHEDULED', None, '2026-01-22 17:26:41.283569')
2026-01-22 21:26:41,283 INFO sqlalchemy.engine.Engine INSERT INTO reminders (id, title, message, phone_number, scheduled_at, timezone, status, user_id, created_at) VALUES (?, ?, ?, ?, ?, ?, ?, ?, ?)
2026-01-22 21:26:41,283 INFO sqlalchemy.engine.Engine [cached since 0.000479s ago] ('e9b80e2d-f768-464d-9f1b-d8f42b4c48aa', None, 'Test reminder 12', '+1234567890', '2026-01-22 17:27:41.247797', 'UTC', 'SCHEDULED', None, '2026-01-22 17:26:41.283886')
2026-01-22 21:26:41,284 INFO sqlalchemy.engine.Engine INSERT INTO reminders (id, title, message, phone_number, scheduled_at, timezone, status, user_id, created_at) VALUES (?, ?, ?, ?, ?, ?, ?, ?, ?)
2026-01-22 21:26:41,284 INFO sqlalchemy.engine.Engine [cached since 0.0007133s ago] ('415c79db-7b23-4650-ab31-bf0061870305', None, 'Test reminder 0', '+1234567890', '2026-01-22 17:26:47.224886', 'UTC', 'SCHEDULED', None, '2026-01-22 17:26:41.284121')
2026-01-22 21:26:41,284 INFO sqlalchemy.engine.Engine INSERT INTO reminders (id, title, message, phone_number, scheduled_at, timezone, status, user_id, created_at) VALUES (?, ?, ?, ?, ?, ?, ?, ?, ?)
2026-01-22 21:26:41,284 INFO sqlalchemy.engine.Engine [cached since 0.001402s ago] ('c88b1faa-2317-4dbd-8142-fc93f696c393', None, 'Test reminder 10', '+1234567890', '2026-01-22 17:27:07.246932', 'UTC', 'SCHEDULED', None, '2026-01-22 17:26:41.284814')
2026-01-22 21:26:41,285 INFO sqlalchemy.engine.Engine INSERT INTO reminders (id, title, message, phone_number, scheduled_at, timezone, status, user_id, created_at) VALUES (?, ?, ?, ?, ?, ?, ?, ?, ?)
2026-01-22 21:26:41,285 INFO sqlalchemy.engine.Engine [cached since 0.001742s ago] ('375a8fa5-0b9e-4430-88d2-0477d0a28642', None, 'Test reminder 4', '+1234567890', '2026-01-22 17:27:24.244002', 'UTC', 'SCHEDULED', None, '2026-01-22 17:26:41.285145')
2026-01-22 21:26:41,285 INFO sqlalchemy.engine.Engine INSERT INTO reminders (id, title, message, phone_number, scheduled_at, timezone, status, user_id, created_at) VALUES (?, ?, ?, ?, ?, ?, ?, ?, ?)
2026-01-22 21:26:41,285 INFO sqlalchemy.engine.Engine [cached since 0.002117s ago] ('365afa91-8b5c-4770-a165-b9bbe870e12c', None, 'Test reminder 8', '+1234567890', '2026-01-22 17:27:39.245998', 'UTC', 'SCHEDULED', None, '2026-01-22 17:26:41.285529')
2026-01-22 21:26:41,285 INFO sqlalchemy.engine.Engine INSERT INTO reminders (id, title, message, phone_number, scheduled_at, timezone, status, user_id, created_at) VALUES (?, ?, ?, ?, ?, ?, ?, ?, ?)
2026-01-22 21:26:41,285 INFO sqlalchemy.engine.Engine [cached since 0.002357s ago] ('9695d808-827b-4f84-8dfd-2a9462ba54ca', None, 'Test reminder 6', '+1234567890', '2026-01-22 17:27:28.245035', 'UTC', 'SCHEDULED', None, '2026-01-22 17:26:41.285755')
2026-01-22 21:26:41,286 INFO sqlalchemy.engine.Engine INSERT INTO reminders (id, title, message, phone_number, scheduled_at, timezone, status, user_id, created_at) VALUES (?, ?, ?, ?, ?, ?, ?, ?, ?)
2026-01-22 21:26:41,286 INFO sqlalchemy.engine.Engine [cached since 0.002681s ago] ('9aeabcae-0c14-4c37-b729-a4d94634bd29', None, 'Test reminder 14', '+1234567890', '2026-01-22 17:27:18.248676', 'UTC', 'SCHEDULED', None, '2026-01-22 17:26:41.286087')
2026-01-22 21:26:41,286 INFO sqlalchemy.engine.Engine ROLLBACK
2026-01-22 21:26:41,286 INFO sqlalchemy.engine.Engine ROLLBACK
2026-01-22 21:26:41,286 INFO sqlalchemy.engine.Engine ROLLBACK
2026-01-22 21:26:41,286 INFO sqlalchemy.engine.Engine INSERT INTO reminders (id, title, message, phone_number, scheduled_at, timezone, status, user_id, created_at) VALUES (?, ?, ?, ?, ?, ?, ?, ?, ?)
2026-01-22 21:26:41,286 INFO sqlalchemy.engine.Engine [cached since 0.003443s ago] ('f6b3c7e7-5331-4412-ba77-e9581a6f7e6e', None, 'Test reminder 18', '+1234567890', '2026-01-22 17:26:56.250468', 'UTC', 'SCHEDULED', None, '2026-01-22 17:26:41.286828')
2026-01-22 21:26:41,286 INFO sqlalchemy.engine.Engine ROLLBACK
2026-01-22 21:26:41,287 INFO sqlalchemy.engine.Engine ROLLBACK
2026-01-22 21:26:41,287 INFO sqlalchemy.engine.Engine ROLLBACK
2026-01-22 21:26:41,287 INFO sqlalchemy.engine.Engine ROLLBACK
2026-01-22 21:26:41,287 INFO sqlalchemy.engine.Engine ROLLBACK
2026-01-22 21:26:41,288 INFO sqlalchemy.engine.Engine ROLLBACK
2026-01-22 21:26:41,288 INFO sqlalchemy.engine.Engine ROLLBACK
2026-01-22 21:26:41,288 INFO sqlalchemy.engine.Engine COMMIT
2026-01-22 21:26:41,288 INFO sqlalchemy.engine.Engine INSERT INTO reminders (id, title, message, phone_number, scheduled_at, timezone, status, user_id, created_at) VALUES (?, ?, ?, ?, ?, ?, ?, ?, ?)
2026-01-22 21:26:41,288 INFO sqlalchemy.engine.Engine [cached since 0.005243s ago] ('c422b410-1b51-4eb7-af4d-fb4d6d1a0586', None, 'Test reminder 16', '+1234567890', '2026-01-22 17:26:50.249537', 'UTC', 'SCHEDULED', None, '2026-01-22 17:26:41.288652')
INFO:     127.0.0.1:54839 - "GET /reminders/ HTTP/1.1" 200 OK
INFO:     127.0.0.1:54829 - "GET /reminders/ HTTP/1.1" 200 OK
INFO:     127.0.0.1:54842 - "GET /reminders/ HTTP/1.1" 200 OK
INFO:     127.0.0.1:54847 - "GET /reminders/ HTTP/1.1" 200 OK
INFO:     127.0.0.1:54830 - "GET /reminders/ HTTP/1.1" 200 OK
INFO:     127.0.0.1:54848 - "GET /reminders/ HTTP/1.1" 200 OK
INFO:     127.0.0.1:54850 - "GET /reminders/ HTTP/1.1" 200 OK
2026-01-22 21:26:41,289 INFO sqlalchemy.engine.Engine COMMIT
INFO:     127.0.0.1:54853 - "GET /reminders/ HTTP/1.1" 200 OK
INFO:     127.0.0.1:54852 - "GET /reminders/ HTTP/1.1" 200 OK
INFO:     127.0.0.1:54851 - "GET /reminders/ HTTP/1.1" 200 OK
2026-01-22 21:26:41,290 INFO sqlalchemy.engine.Engine COMMIT
2026-01-22 21:26:41,290 INFO sqlalchemy.engine.Engine BEGIN (implicit)
2026-01-22 21:26:41,291 INFO sqlalchemy.engine.Engine SELECT reminders.id, reminders.title, reminders.message, reminders.phone_number, reminders.scheduled_at, reminders.timezone, reminders.status, reminders.user_id, reminders.created_at 
FROM reminders 
WHERE reminders.id = ?
2026-01-22 21:26:41,291 INFO sqlalchemy.engine.Engine [generated in 0.00006s] ('e9b80e2d-f768-464d-9f1b-d8f42b4c48aa',)
2026-01-22 21:26:41,291 INFO sqlalchemy.engine.Engine BEGIN (implicit)
2026-01-22 21:26:41,291 INFO sqlalchemy.engine.Engine SELECT reminders.id, reminders.title, reminders.message, reminders.phone_number, reminders.scheduled_at, reminders.timezone, reminders.status, reminders.user_id, reminders.created_at 
FROM reminders 
WHERE reminders.id = ?
2026-01-22 21:26:41,291 INFO sqlalchemy.engine.Engine [cached since 0.0003071s ago] ('f6b3c7e7-5331-4412-ba77-e9581a6f7e6e',)
2026-01-22 21:26:41,291 INFO sqlalchemy.engine.Engine COMMIT
2026-01-22 21:26:41,292 INFO sqlalchemy.engine.Engine ROLLBACK
2026-01-22 21:26:41,292 INFO sqlalchemy.engine.Engine BEGIN (implicit)
2026-01-22 21:26:41,292 INFO sqlalchemy.engine.Engine SELECT reminders.id, reminders.title, reminders.message, reminders.phone_number, reminders.scheduled_at, reminders.timezone, reminders.status, reminders.user_id, reminders.created_at 
FROM reminders 
WHERE reminders.id = ?
2026-01-22 21:26:41,292 INFO sqlalchemy.engine.Engine [cached since 0.001224s ago] ('35636ebd-22f0-4019-87cc-2aa94a329ddf',)
INFO:     127.0.0.1:54844 - "POST /reminders/ HTTP/1.1" 201 Created
2026-01-22 21:26:41,293 INFO sqlalchemy.engine.Engine BEGIN (implicit)
2026-01-22 21:26:41,294 INFO sqlalchemy.engine.Engine SELECT reminders.id, reminders.title, reminders.message, reminders.phone_number, reminders.scheduled_at, reminders.timezone, reminders.status, reminders.user_id, reminders.created_at 
FROM reminders 
WHERE reminders.id = ?
2026-01-22 21:26:41,294 INFO sqlalchemy.engine.Engine [cached since 0.002599s ago] ('9aeabcae-0c14-4c37-b729-a4d94634bd29',)
2026-01-22 21:26:41,294 INFO sqlalchemy.engine.Engine ROLLBACK
INFO:     127.0.0.1:54845 - "POST /reminders/ HTTP/1.1" 201 Created
2026-01-22 21:26:41,294 INFO sqlalchemy.engine.Engine ROLLBACK
INFO:     127.0.0.1:54846 - "POST /reminders/ HTTP/1.1" 201 Created
2026-01-22 21:26:41,296 INFO sqlalchemy.engine.Engine ROLLBACK
2026-01-22 21:26:41,296 INFO sqlalchemy.engine.Engine COMMIT
INFO:     127.0.0.1:54849 - "POST /reminders/ HTTP/1.1" 201 Created
2026-01-22 21:26:41,297 INFO sqlalchemy.engine.Engine BEGIN (implicit)
2026-01-22 21:26:41,297 INFO sqlalchemy.engine.Engine SELECT reminders.id, reminders.title, reminders.message, reminders.phone_number, reminders.scheduled_at, reminders.timezone, reminders.status, reminders.user_id, reminders.created_at 
FROM reminders 
WHERE reminders.id = ?
2026-01-22 21:26:41,297 INFO sqlalchemy.engine.Engine [cached since 0.006116s ago] ('c88b1faa-2317-4dbd-8142-fc93f696c393',)
2026-01-22 21:26:41,297 INFO sqlalchemy.engine.Engine COMMIT
2026-01-22 21:26:41,298 INFO sqlalchemy.engine.Engine ROLLBACK
INFO:     127.0.0.1:54843 - "POST /reminders/ HTTP/1.1" 201 Created
2026-01-22 21:26:41,301 INFO sqlalchemy.engine.Engine BEGIN (implicit)
2026-01-22 21:26:41,301 INFO sqlalchemy.engine.Engine SELECT reminders.id, reminders.title, reminders.message, reminders.phone_number, reminders.scheduled_at, reminders.timezone, reminders.status, reminders.user_id, reminders.created_at 
FROM reminders 
WHERE reminders.id = ?
2026-01-22 21:26:41,301 INFO sqlalchemy.engine.Engine [cached since 0.00987s ago] ('9695d808-827b-4f84-8dfd-2a9462ba54ca',)
2026-01-22 21:26:41,302 INFO sqlalchemy.engine.Engine ROLLBACK
INFO:     127.0.0.1:54840 - "POST /reminders/ HTTP/1.1" 201 Created
2026-01-22 21:26:41,306 INFO sqlalchemy.engine.Engine COMMIT
2026-01-22 21:26:41,307 INFO sqlalchemy.engine.Engine BEGIN (implicit)
2026-01-22 21:26:41,307 INFO sqlalchemy.engine.Engine SELECT reminders.id, reminders.title, reminders.message, reminders.phone_number, reminders.scheduled_at, reminders.timezone, reminders.status, reminders.user_id, reminders.created_at 
FROM reminders 
WHERE reminders.id = ?
2026-01-22 21:26:41,307 INFO sqlalchemy.engine.Engine [cached since 0.01602s ago] ('415c79db-7b23-4650-ab31-bf0061870305',)
2026-01-22 21:26:41,307 INFO sqlalchemy.engine.Engine ROLLBACK
INFO:     127.0.0.1:54838 - "POST /reminders/ HTTP/1.1" 201 Created
2026-01-22 21:26:41,308 INFO sqlalchemy.engine.Engine COMMIT
2026-01-22 21:26:41,309 INFO sqlalchemy.engine.Engine BEGIN (implicit)
2026-01-22 21:26:41,309 INFO sqlalchemy.engine.Engine SELECT reminders.id, reminders.title, reminders.message, reminders.phone_number, reminders.scheduled_at, reminders.timezone, reminders.status, reminders.user_id, reminders.created_at 
FROM reminders 
WHERE reminders.id = ?
2026-01-22 21:26:41,309 INFO sqlalchemy.engine.Engine [cached since 0.01804s ago] ('365afa91-8b5c-4770-a165-b9bbe870e12c',)
2026-01-22 21:26:41,309 INFO sqlalchemy.engine.Engine ROLLBACK
INFO:     127.0.0.1:54841 - "POST /reminders/ HTTP/1.1" 201 Created
2026-01-22 21:26:41,311 INFO sqlalchemy.engine.Engine COMMIT
2026-01-22 21:26:41,312 INFO sqlalchemy.engine.Engine BEGIN (implicit)
2026-01-22 21:26:41,312 INFO sqlalchemy.engine.Engine SELECT reminders.id, reminders.title, reminders.message, reminders.phone_number, reminders.scheduled_at, reminders.timezone, reminders.status, reminders.user_id, reminders.created_at 
FROM reminders 
WHERE reminders.id = ?
2026-01-22 21:26:41,312 INFO sqlalchemy.engine.Engine [cached since 0.0211s ago] ('c422b410-1b51-4eb7-af4d-fb4d6d1a0586',)
2026-01-22 21:26:41,312 INFO sqlalchemy.engine.Engine ROLLBACK
INFO:     127.0.0.1:54854 - "POST /reminders/ HTTP/1.1" 201 Created
2026-01-22 21:26:41,326 INFO sqlalchemy.engine.Engine COMMIT
2026-01-22 21:26:41,327 INFO sqlalchemy.engine.Engine BEGIN (implicit)
2026-01-22 21:26:41,327 INFO sqlalchemy.engine.Engine SELECT reminders.id, reminders.title, reminders.message, reminders.phone_number, reminders.scheduled_at, reminders.timezone, reminders.status, reminders.user_id, reminders.created_at 
FROM reminders 
WHERE reminders.id = ?
2026-01-22 21:26:41,327 INFO sqlalchemy.engine.Engine [cached since 0.03594s ago] ('375a8fa5-0b9e-4430-88d2-0477d0a28642',)
2026-01-22 21:26:41,327 INFO sqlalchemy.engine.Engine ROLLBACK
INFO:     127.0.0.1:54818 - "POST /reminders/ HTTP/1.1" 201 Created
2026-01-22 21:26:42,871 INFO sqlalchemy.engine.Engine BEGIN (implicit)
2026-01-22 21:26:42,871 INFO sqlalchemy.engine.Engine SELECT reminders.id 
FROM reminders 
WHERE reminders.status = ? AND reminders.scheduled_at <= ?
2026-01-22 21:26:42,871 INFO sqlalchemy.engine.Engine [cached since 59.99s ago] ('SCHEDULED', '2026-01-22 17:26:42.868873')
2026-01-22 21:26:42,873 INFO sqlalchemy.engine.Engine ROLLBACK
2026-01-22 21:27:12,878 INFO sqlalchemy.engine.Engine BEGIN (implicit)
2026-01-22 21:27:12,879 INFO sqlalchemy.engine.Engine SELECT reminders.id 
FROM reminders 
WHERE reminders.status = ? AND reminders.scheduled_at <= ?
2026-01-22 21:27:12,880 INFO sqlalchemy.engine.Engine [cached since 90s ago] ('SCHEDULED', '2026-01-22 17:27:12.870977')
2026-01-22 21:27:12,885 INFO sqlalchemy.engine.Engine UPDATE reminders SET status=? WHERE reminders.id = ? AND reminders.status = ?
2026-01-22 21:27:12,885 INFO sqlalchemy.engine.Engine [generated in 0.00031s] ('CALLING', 'f6b3c7e7-5331-4412-ba77-e9581a6f7e6e', 'SCHEDULED')
2026-01-22 21:27:12,886 INFO sqlalchemy.engine.Engine COMMIT
2026-01-22 21:27:12,889 INFO sqlalchemy.engine.Engine BEGIN (implicit)
2026-01-22 21:27:12,889 INFO sqlalchemy.engine.Engine UPDATE reminders SET status=? WHERE reminders.id = ? AND reminders.status = ?
2026-01-22 21:27:12,889 INFO sqlalchemy.engine.Engine [cached since 0.004556s ago] ('CALLING', '35636ebd-22f0-4019-87cc-2aa94a329ddf', 'SCHEDULED')
2026-01-22 21:27:12,889 INFO sqlalchemy.engine.Engine BEGIN (implicit)
2026-01-22 21:27:12,890 INFO sqlalchemy.engine.Engine SELECT reminders.id AS reminders_id, reminders.title AS reminders_title, reminders.message AS reminders_message, reminders.phone_number AS reminders_phone_number, reminders.scheduled_at AS reminders_scheduled_at, reminders.timezone AS reminders_timezone, reminders.status AS reminders_status, reminders.user_id AS reminders_user_id, reminders.created_at AS reminders_created_at 
FROM reminders 
WHERE reminders.id = ?
2026-01-22 21:27:12,890 INFO sqlalchemy.engine.Engine [generated in 0.00010s] ('f6b3c7e7-5331-4412-ba77-e9581a6f7e6e',)
VAPI_PRIVATE_KEY not set. Skipping call.
2026-01-22 21:27:12,892 INFO sqlalchemy.engine.Engine UPDATE reminders SET status=? WHERE reminders.id = ?
2026-01-22 21:27:12,892 INFO sqlalchemy.engine.Engine [generated in 0.00011s] ('COMPLETED', 'f6b3c7e7-5331-4412-ba77-e9581a6f7e6e')
2026-01-22 21:27:12,893 INFO sqlalchemy.engine.Engine COMMIT
2026-01-22 21:27:12,894 INFO sqlalchemy.engine.Engine COMMIT
2026-01-22 21:27:12,895 INFO sqlalchemy.engine.Engine BEGIN (implicit)
2026-01-22 21:27:12,895 INFO sqlalchemy.engine.Engine UPDATE reminders SET status=? WHERE reminders.id = ? AND reminders.status = ?
2026-01-22 21:27:12,895 INFO sqlalchemy.engine.Engine [cached since 0.0101s ago] ('CALLING', 'c88b1faa-2317-4dbd-8142-fc93f696c393', 'SCHEDULED')
2026-01-22 21:27:12,895 INFO sqlalchemy.engine.Engine BEGIN (implicit)
2026-01-22 21:27:12,895 INFO sqlalchemy.engine.Engine SELECT reminders.id AS reminders_id, reminders.title AS reminders_title, reminders.message AS reminders_message, reminders.phone_number AS reminders_phone_number, reminders.scheduled_at AS reminders_scheduled_at, reminders.timezone AS reminders_timezone, reminders.status AS reminders_status, reminders.user_id AS reminders_user_id, reminders.created_at AS reminders_created_at 
FROM reminders 
WHERE reminders.id = ?
2026-01-22 21:27:12,895 INFO sqlalchemy.engine.Engine [cached since 0.004882s ago] ('35636ebd-22f0-4019-87cc-2aa94a329ddf',)
2026-01-22 21:27:12,896 INFO sqlalchemy.engine.Engine COMMIT
VAPI_PRIVATE_KEY not set. Skipping call.
2026-01-22 21:27:12,896 INFO sqlalchemy.engine.Engine UPDATE reminders SET status=? WHERE reminders.id = ?
2026-01-22 21:27:12,896 INFO sqlalchemy.engine.Engine [cached since 0.003792s ago] ('COMPLETED', '35636ebd-22f0-4019-87cc-2aa94a329ddf')
2026-01-22 21:27:12,898 INFO sqlalchemy.engine.Engine COMMIT
2026-01-22 21:27:12,898 INFO sqlalchemy.engine.Engine BEGIN (implicit)
2026-01-22 21:27:12,898 INFO sqlalchemy.engine.Engine UPDATE reminders SET status=? WHERE reminders.id = ? AND reminders.status = ?
2026-01-22 21:27:12,898 INFO sqlalchemy.engine.Engine [cached since 0.01376s ago] ('CALLING', '415c79db-7b23-4650-ab31-bf0061870305', 'SCHEDULED')
2026-01-22 21:27:12,899 INFO sqlalchemy.engine.Engine BEGIN (implicit)
2026-01-22 21:27:12,899 INFO sqlalchemy.engine.Engine SELECT reminders.id AS reminders_id, reminders.title AS reminders_title, reminders.message AS reminders_message, reminders.phone_number AS reminders_phone_number, reminders.scheduled_at AS reminders_scheduled_at, reminders.timezone AS reminders_timezone, reminders.status AS reminders_status, reminders.user_id AS reminders_user_id, reminders.created_at AS reminders_created_at 
FROM reminders 
WHERE reminders.id = ?
2026-01-22 21:27:12,899 INFO sqlalchemy.engine.Engine [cached since 0.008459s ago] ('c88b1faa-2317-4dbd-8142-fc93f696c393',)
2026-01-22 21:27:12,899 INFO sqlalchemy.engine.Engine COMMIT
VAPI_PRIVATE_KEY not set. Skipping call.
2026-01-22 21:27:12,899 INFO sqlalchemy.engine.Engine UPDATE reminders SET status=? WHERE reminders.id = ?
2026-01-22 21:27:12,899 INFO sqlalchemy.engine.Engine [cached since 0.007225s ago] ('COMPLETED', 'c88b1faa-2317-4dbd-8142-fc93f696c393')
2026-01-22 21:27:12,902 INFO sqlalchemy.engine.Engine COMMIT
2026-01-22 21:27:12,902 INFO sqlalchemy.engine.Engine BEGIN (implicit)
2026-01-22 21:27:12,902 INFO sqlalchemy.engine.Engine SELECT reminders.id AS reminders_id, reminders.title AS reminders_title, reminders.message AS reminders_message, reminders.phone_number AS reminders_phone_number, reminders.scheduled_at AS reminders_scheduled_at, reminders.timezone AS reminders_timezone, reminders.status AS reminders_status, reminders.user_id AS reminders_user_id, reminders.created_at AS reminders_created_at 
FROM reminders 
WHERE reminders.id = ?
2026-01-22 21:27:12,902 INFO sqlalchemy.engine.Engine [cached since 0.01166s ago] ('415c79db-7b23-4650-ab31-bf0061870305',)
2026-01-22 21:27:12,902 INFO sqlalchemy.engine.Engine BEGIN (implicit)
2026-01-22 21:27:12,902 INFO sqlalchemy.engine.Engine UPDATE reminders SET status=? WHERE reminders.id = ? AND reminders.status = ?
2026-01-22 21:27:12,902 INFO sqlalchemy.engine.Engine [cached since 0.01757s ago] ('CALLING', 'c422b410-1b51-4eb7-af4d-fb4d6d1a0586', 'SCHEDULED')
VAPI_PRIVATE_KEY not set. Skipping call.
2026-01-22 21:27:12,903 INFO sqlalchemy.engine.Engine UPDATE reminders SET status=? WHERE reminders.id = ?
2026-01-22 21:27:12,903 INFO sqlalchemy.engine.Engine [cached since 0.01074s ago] ('COMPLETED', '415c79db-7b23-4650-ab31-bf0061870305')
2026-01-22 21:27:12,903 INFO sqlalchemy.engine.Engine COMMIT
2026-01-22 21:27:12,904 INFO sqlalchemy.engine.Engine BEGIN (implicit)
2026-01-22 21:27:12,904 INFO sqlalchemy.engine.Engine SELECT reminders.id AS reminders_id, reminders.title AS reminders_title, reminders.message AS reminders_message, reminders.phone_number AS reminders_phone_number, reminders.scheduled_at AS reminders_scheduled_at, reminders.timezone AS reminders_timezone, reminders.status AS reminders_status, reminders.user_id AS reminders_user_id, reminders.created_at AS reminders_created_at 
FROM reminders 
WHERE reminders.id = ?
2026-01-22 21:27:12,904 INFO sqlalchemy.engine.Engine [cached since 0.01385s ago] ('c422b410-1b51-4eb7-af4d-fb4d6d1a0586',)
VAPI_PRIVATE_KEY not set. Skipping call.
2026-01-22 21:27:12,905 INFO sqlalchemy.engine.Engine UPDATE reminders SET status=? WHERE reminders.id = ?
2026-01-22 21:27:12,905 INFO sqlalchemy.engine.Engine [cached since 0.01247s ago] ('COMPLETED', 'c422b410-1b51-4eb7-af4d-fb4d6d1a0586')
2026-01-22 21:27:12,905 INFO sqlalchemy.engine.Engine COMMIT
2026-01-22 21:27:12,906 INFO sqlalchemy.engine.Engine COMMIT
2026-01-22 21:27:42,882 INFO sqlalchemy.engine.Engine BEGIN (implicit)
2026-01-22 21:27:42,883 INFO sqlalchemy.engine.Engine SELECT reminders.id 
FROM reminders 
WHERE reminders.status = ? AND reminders.scheduled_at <= ?
2026-01-22 21:27:42,883 INFO sqlalchemy.engine.Engine [cached since 120s ago] ('SCHEDULED', '2026-01-22 17:27:42.869404')
2026-01-22 21:27:42,885 INFO sqlalchemy.engine.Engine UPDATE reminders SET status=? WHERE reminders.id = ? AND reminders.status = ?
2026-01-22 21:27:42,885 INFO sqlalchemy.engine.Engine [cached since 30s ago] ('CALLING', 'e9b80e2d-f768-464d-9f1b-d8f42b4c48aa', 'SCHEDULED')
2026-01-22 21:27:42,886 INFO sqlalchemy.engine.Engine COMMIT
2026-01-22 21:27:42,887 INFO sqlalchemy.engine.Engine BEGIN (implicit)
2026-01-22 21:27:42,887 INFO sqlalchemy.engine.Engine UPDATE reminders SET status=? WHERE reminders.id = ? AND reminders.status = ?
2026-01-22 21:27:42,887 INFO sqlalchemy.engine.Engine [cached since 30s ago] ('CALLING', '9aeabcae-0c14-4c37-b729-a4d94634bd29', 'SCHEDULED')
2026-01-22 21:27:42,887 INFO sqlalchemy.engine.Engine BEGIN (implicit)
2026-01-22 21:27:42,888 INFO sqlalchemy.engine.Engine SELECT reminders.id AS reminders_id, reminders.title AS reminders_title, reminders.message AS reminders_message, reminders.phone_number AS reminders_phone_number, reminders.scheduled_at AS reminders_scheduled_at, reminders.timezone AS reminders_timezone, reminders.status AS reminders_status, reminders.user_id AS reminders_user_id, reminders.created_at AS reminders_created_at 
FROM reminders 
WHERE reminders.id = ?
2026-01-22 21:27:42,888 INFO sqlalchemy.engine.Engine [cached since 30s ago] ('e9b80e2d-f768-464d-9f1b-d8f42b4c48aa',)
2026-01-22 21:27:42,888 INFO sqlalchemy.engine.Engine COMMIT
VAPI_PRIVATE_KEY not set. Skipping call.
2026-01-22 21:27:42,888 INFO sqlalchemy.engine.Engine UPDATE reminders SET status=? WHERE reminders.id = ?
2026-01-22 21:27:42,888 INFO sqlalchemy.engine.Engine [cached since 30s ago] ('COMPLETED', 'e9b80e2d-f768-464d-9f1b-d8f42b4c48aa')
2026-01-22 21:27:42,889 INFO sqlalchemy.engine.Engine COMMIT
2026-01-22 21:27:42,889 INFO sqlalchemy.engine.Engine BEGIN (implicit)
2026-01-22 21:27:42,889 INFO sqlalchemy.engine.Engine UPDATE reminders SET status=? WHERE reminders.id = ? AND reminders.status = ?
2026-01-22 21:27:42,889 INFO sqlalchemy.engine.Engine [cached since 30.01s ago] ('CALLING', '9695d808-827b-4f84-8dfd-2a9462ba54ca', 'SCHEDULED')
2026-01-22 21:27:42,889 INFO sqlalchemy.engine.Engine BEGIN (implicit)
2026-01-22 21:27:42,889 INFO sqlalchemy.engine.Engine SELECT reminders.id AS reminders_id, reminders.title AS reminders_title, reminders.message AS reminders_message, reminders.phone_number AS reminders_phone_number, reminders.scheduled_at AS reminders_scheduled_at, reminders.timezone AS reminders_timezone, reminders.status AS reminders_status, reminders.user_id AS reminders_user_id, reminders.created_at AS reminders_created_at 
FROM reminders 
WHERE reminders.id = ?
2026-01-22 21:27:42,889 INFO sqlalchemy.engine.Engine [cached since 30s ago] ('9aeabcae-0c14-4c37-b729-a4d94634bd29',)
2026-01-22 21:27:42,890 INFO sqlalchemy.engine.Engine COMMIT
VAPI_PRIVATE_KEY not set. Skipping call.
2026-01-22 21:27:42,890 INFO sqlalchemy.engine.Engine UPDATE reminders SET status=? WHERE reminders.id = ?
2026-01-22 21:27:42,890 INFO sqlalchemy.engine.Engine [cached since 30s ago] ('COMPLETED', '9aeabcae-0c14-4c37-b729-a4d94634bd29')
2026-01-22 21:27:42,891 INFO sqlalchemy.engine.Engine COMMIT
2026-01-22 21:27:42,891 INFO sqlalchemy.engine.Engine BEGIN (implicit)
2026-01-22 21:27:42,891 INFO sqlalchemy.engine.Engine UPDATE reminders SET status=? WHERE reminders.id = ? AND reminders.status = ?
2026-01-22 21:27:42,891 INFO sqlalchemy.engine.Engine [cached since 30.01s ago] ('CALLING', '365afa91-8b5c-4770-a165-b9bbe870e12c', 'SCHEDULED')
2026-01-22 21:27:42,891 INFO sqlalchemy.engine.Engine BEGIN (implicit)
2026-01-22 21:27:42,891 INFO sqlalchemy.engine.Engine SELECT reminders.id AS reminders_id, reminders.title AS reminders_title, reminders.message AS reminders_message, reminders.phone_number AS reminders_phone_number, reminders.scheduled_at AS reminders_scheduled_at, reminders.timezone AS reminders_timezone, reminders.status AS reminders_status, reminders.user_id AS reminders_user_id, reminders.created_at AS reminders_created_at 
FROM reminders 
WHERE reminders.id = ?
2026-01-22 21:27:42,891 INFO sqlalchemy.engine.Engine [cached since 30s ago] ('9695d808-827b-4f84-8dfd-2a9462ba54ca',)
2026-01-22 21:27:42,892 INFO sqlalchemy.engine.Engine COMMIT
VAPI_PRIVATE_KEY not set. Skipping call.
2026-01-22 21:27:42,892 INFO sqlalchemy.engine.Engine UPDATE reminders SET status=? WHERE reminders.id = ?
2026-01-22 21:27:42,892 INFO sqlalchemy.engine.Engine [cached since 30s ago] ('COMPLETED', '9695d808-827b-4f84-8dfd-2a9462ba54ca')
2026-01-22 21:27:42,892 INFO sqlalchemy.engine.Engine COMMIT
2026-01-22 21:27:42,892 INFO sqlalchemy.engine.Engine BEGIN (implicit)
2026-01-22 21:27:42,893 INFO sqlalchemy.engine.Engine UPDATE reminders SET status=? WHERE reminders.id = ? AND reminders.status = ?
2026-01-22 21:27:42,893 INFO sqlalchemy.engine.Engine [cached since 30.01s ago] ('CALLING', '375a8fa5-0b9e-4430-88d2-0477d0a28642', 'SCHEDULED')
2026-01-22 21:27:42,893 INFO sqlalchemy.engine.Engine BEGIN (implicit)
2026-01-22 21:27:42,893 INFO sqlalchemy.engine.Engine SELECT reminders.id AS reminders_id, reminders.title AS reminders_title, reminders.message AS reminders_message, reminders.phone_number AS reminders_phone_number, reminders.scheduled_at AS reminders_scheduled_at, reminders.timezone AS reminders_timezone, reminders.status AS reminders_status, reminders.user_id AS reminders_user_id, reminders.created_at AS reminders_created_at 
FROM reminders 
WHERE reminders.id = ?
2026-01-22 21:27:42,893 INFO sqlalchemy.engine.Engine [cached since 30s ago] ('365afa91-8b5c-4770-a165-b9bbe870e12c',)
2026-01-22 21:27:42,893 INFO sqlalchemy.engine.Engine COMMIT
VAPI_PRIVATE_KEY not set. Skipping call.
2026-01-22 21:27:42,893 INFO sqlalchemy.engine.Engine UPDATE reminders SET status=? WHERE reminders.id = ?
2026-01-22 21:27:42,893 INFO sqlalchemy.engine.Engine [cached since 30s ago] ('COMPLETED', '365afa91-8b5c-4770-a165-b9bbe870e12c')
2026-01-22 21:27:42,895 INFO sqlalchemy.engine.Engine COMMIT
2026-01-22 21:27:42,895 INFO sqlalchemy.engine.Engine BEGIN (implicit)
2026-01-22 21:27:42,895 INFO sqlalchemy.engine.Engine SELECT reminders.id AS reminders_id, reminders.title AS reminders_title, reminders.message AS reminders_message, reminders.phone_number AS reminders_phone_number, reminders.scheduled_at AS reminders_scheduled_at, reminders.timezone AS reminders_timezone, reminders.status AS reminders_status, reminders.user_id AS reminders_user_id, reminders.created_at AS reminders_created_at 
FROM reminders 
WHERE reminders.id = ?
2026-01-22 21:27:42,895 INFO sqlalchemy.engine.Engine [cached since 30.01s ago] ('375a8fa5-0b9e-4430-88d2-0477d0a28642',)
VAPI_PRIVATE_KEY not set. Skipping call.
2026-01-22 21:27:42,895 INFO sqlalchemy.engine.Engine UPDATE reminders SET status=? WHERE reminders.id = ?
2026-01-22 21:27:42,895 INFO sqlalchemy.engine.Engine [cached since 30s ago] ('COMPLETED', '375a8fa5-0b9e-4430-88d2-0477d0a28642')
2026-01-22 21:27:42,896 INFO sqlalchemy.engine.Engine COMMIT
2026-01-22 21:28:12,878 INFO sqlalchemy.engine.Engine BEGIN (implicit)
2026-01-22 21:28:12,879 INFO sqlalchemy.engine.Engine SELECT reminders.id 
FROM reminders 
WHERE reminders.status = ? AND reminders.scheduled_at <= ?
2026-01-22 21:28:12,880 INFO sqlalchemy.engine.Engine [cached since 150s ago] ('SCHEDULED', '2026-01-22 17:28:12.871468')
2026-01-22 21:28:12,881 INFO sqlalchemy.engine.Engine ROLLBACK
2026-01-22 21:28:42,872 INFO sqlalchemy.engine.Engine BEGIN (implicit)
2026-01-22 21:28:42,873 INFO sqlalchemy.engine.Engine SELECT reminders.id 
FROM reminders 
WHERE reminders.status = ? AND reminders.scheduled_at <= ?
2026-01-22 21:28:42,873 INFO sqlalchemy.engine.Engine [cached since 180s ago] ('SCHEDULED', '2026-01-22 17:28:42.869080')
2026-01-22 21:28:42,874 INFO sqlalchemy.engine.Engine ROLLBACK
INFO:     Shutting down
INFO:     Waiting for application shutdown.
INFO:     Application shutdown complete.
INFO:     Finished server process [60328]
